// Jest Snapshot v1, https://goo.gl/fbAQLP

exports[`Header renders header unchanged 1`] = `"<header class=\\"MuiPaper-root MuiAppBar-root MuiAppBar-positionFixed MuiAppBar-colorInherit makeStyles-appBar-1 mui-fixed MuiPaper-elevation4\\"><div class=\\"MuiToolbar-root MuiToolbar-regular\\"><div class=\\"MuiContainer-root makeStyles-height-7 MuiContainer-maxWidthMd\\"><div class=\\"MuiGrid-root makeStyles-height-7 MuiGrid-container MuiGrid-align-items-xs-center MuiGrid-justify-xs-space-between\\"><div class=\\"MuiGrid-root makeStyles-height-7 MuiGrid-item MuiGrid-grid-xs-6 MuiGrid-grid-md-2\\"><a class=\\"MuiTypography-root MuiLink-root MuiLink-underlineHover makeStyles-logo-6 MuiTypography-colorPrimary\\" href=\\"/\\"><svg class=\\"makeStyles-logo-6\\" width=\\"99px\\" height=\\"98px\\" viewBox=\\"0 0 99 98\\"><g id=\\"Welcome\\" stroke=\\"none\\" stroke-width=\\"1\\" fill=\\"none\\" fill-rule=\\"evenodd\\"><g id=\\"Account-Business\\" transform=\\"translate(-473.000000, -251.000000)\\" fill-rule=\\"nonzero\\"><g id=\\"WAWO-02\\" transform=\\"translate(473.000000, 251.000000)\\"><polygon id=\\"Path\\" fill=\\"#F05437\\" points=\\"18.8718079 9.47388493 20.8809552 7.68627451 25.9311022 16.8652262 23.796235 18.7699094 17.8945131 15.3545378 21.1205347 21.151889 18.9856674 23.0588235 9.60411194 17.7185063 11.6013988 15.93765 18.1056277 19.9901674 14.3103082 13.542162 16.4285709 11.6554901 22.8331726 15.6404654\\"></polygon><polygon id=\\"Path\\" fill=\\"#F05437\\" points=\\"34.6203928 1.92156863 35.3181971 3.64039262 31.8501101 4.96949636 32.6665411 6.96540468 35.7299015 5.79399122 36.4277057 7.51056249 33.3713233 8.68422867 34.2505566 10.8378273 37.7186435 9.50872354 38.4164477 11.2275475 32.6153687 13.4509804 28.8123358 4.14500149\\"></polygon><path d=\\"M57.9713945,11.0859729 L57.6922438,9.24069479 L54.213938,8.64229066 L53.4141492,10.3111468 L50.9017933,9.87962828 L55.8268084,0 L58.7069343,0.493504598 L60.5059052,11.5294118 L57.9713945,11.0859729 Z M55.0912686,6.81131708 L57.3820764,7.20707439 L56.7883274,3.29479881 L55.0912686,6.81131708 Z\\" id=\\"Shape\\" fill=\\"#F05437\\"></path><path d=\\"M68.4215041,10.3778924 L66.5341355,13.7929163 L64.34755,12.6342877 L69.2040716,3.84313725 L72.7417368,5.71858269 C73.7790223,6.26859313 74.441903,6.95986308 74.7303789,7.79239254 C75.0252513,8.568016 74.9588137,9.43116596 74.548547,10.1547325 C74.2486233,10.6816267 73.7993598,11.1122185 73.255009,11.3945101 C72.6719196,11.7100898 71.9676088,11.7784655 71.1420769,11.5996369 L71.3607354,16.3333333 L68.8058828,14.9808486 L68.6746877,10.4973619 L68.4215041,10.3778924 Z M70.4930062,6.63827227 L69.3237584,8.75265667 L70.6771397,9.46947355 C70.9548601,9.64446528 71.2965441,9.69256218 71.6133468,9.60125806 C71.9301495,9.50995393 72.1907682,9.28827038 72.3274364,8.99384977 C72.4950781,8.7152288 72.5430846,8.38287977 72.4609332,8.0696519 C72.3691246,7.75673465 72.1456462,7.49688529 71.8463876,7.35508916 L70.4930062,6.63827227 Z\\" id=\\"Shape\\" fill=\\"#F05437\\"></path><polygon id=\\"Path\\" fill=\\"#F05437\\" points=\\"87.3974186 16.9926838 86.0370093 18.2837197 83.5429255 15.5979039 81.9716528 17.1056495 84.1732485 19.4756225 82.8128392 20.7735747 80.6112434 18.4059071 78.9152665 20.0358399 81.4093502 22.7216557 80.0489409 24.0196078 75.8724843 19.5263418 83.1937538 12.4901961\\"></polygon><polygon id=\\"Path\\" fill=\\"#F05437\\" points=\\"10.1421509 46.4317005 9.63001552 49 0 44.3815667 0.540197568 41.6465531 7.32189864 41.1216287 1.21135212 38.2266596 1.75622672 35.489393 12.4853455 34.5882353 11.9849027 37.1407645 4.32625758 37.4899631 11.2973786 40.5899457 10.757181 43.2934188 3.22013875 43.6358587\\"></polygon><path d=\\"M1.72851796,56.2668464 C3.33287912,53.8081715 6.59435105,53.0705354 9.09616534,54.6005304 C10.2737871,55.3604781 11.0943923,56.5660277 11.3709903,57.9424714 C11.7104198,59.2995513 11.4832459,60.7367199 10.7419316,61.9220808 C9.12868279,64.3686457 5.87621649,65.1011629 3.37428418,63.581415 C0.970112842,61.971854 0.246403915,58.755347 1.72851796,56.2668464 L1.72851796,56.2668464 Z M4.57204916,61.4961928 C5.20497665,61.8623479 5.96015664,61.9453534 6.83758912,61.7452093 C7.61258481,61.6100777 8.30588599,61.1808522 8.77351159,60.546672 C9.57939117,59.234343 9.19290645,57.51701 7.90304286,56.6787709 C7.27166287,56.3141673 6.51725663,56.2311618 5.63982414,56.4297544 C4.76239166,56.628347 4.11631042,57.0278594 3.70158043,57.6282917 C2.89570085,58.9406207 3.28218557,60.6579537 4.57204916,61.4961928 L4.57204916,61.4961928 Z\\" id=\\"Shape\\" fill=\\"#F05437\\"></path><polygon id=\\"Path\\" fill=\\"#F05437\\" points=\\"21.1290463 76.6811818 12.6326478 82.627451 11.152554 80.5999464 15.9463611 77.2446341 9.74552217 78.6671203 8.65430651 77.1591926 12.0387249 71.8733634 7.24020414 75.2286757 5.76246716 73.1988619 14.2588656 67.254902 15.9605021 69.5779881 11.847821 76.0738541 19.4439076 74.3580957\\"></polygon><polygon id=\\"Path\\" fill=\\"#F05437\\" points=\\"29.772747 83.0678105 28.7455157 84.5757081 25.7537327 82.5918664 24.5601663 84.3533043 27.2035449 86.1080701 26.1763136 87.6248638 23.5374306 85.8723221 22.2494579 87.7738744 25.2412409 89.7599401 24.2162574 91.2745098 19.2082239 87.9517974 24.769209 79.745098\\"></polygon><polygon id=\\"Path\\" fill=\\"#F05437\\" points=\\"41.7477103 87.2193361 44.1789149 87.8607055 41.5753836 98 39.144179 97.3609886 36.7153032 89.9097862 35.0851852 96.2904678 32.6539806 95.6490985 35.2575119 85.5098039 37.6887165 86.1511733 40.1175923 93.6000178\\"></polygon><path d=\\"M61.542895,95.5797428 C58.9324028,94.2480354 57.8536627,91.0862595 59.1069641,88.4400546 C59.73661,87.1871214 60.8486987,86.2431525 62.1884515,85.8244105 C63.4994463,85.3428879 64.9504664,85.4165917 66.2057637,86.0284678 C68.8041803,87.372029 69.8755927,90.5253717 68.6324061,93.1704748 C67.2919676,95.7288457 64.1781439,96.788422 61.5521836,95.5797428 L61.542895,95.5797428 Z M66.4194012,92.2012024 C66.7120427,91.4710989 66.7120427,90.6565304 66.4194012,89.9264268 C66.129907,89.0777338 65.6654778,88.4787018 65.0261137,88.1293309 C63.638557,87.4672356 61.9754557,88.0324806 61.2804925,89.4023705 C60.9890399,90.1327024 60.9890399,90.9468142 61.2804925,91.6771461 C61.5715348,92.5289309 62.035964,93.1279629 62.67378,93.474242 C64.0610984,94.1403354 65.7270693,93.574115 66.4194012,92.2012024 L66.4194012,92.2012024 Z\\" id=\\"Shape\\" fill=\\"#F05437\\"></path><polygon id=\\"Path\\" fill=\\"#F05437\\" points=\\"79.4668392 74.7872932 81.4976302 73.0196078 86.4370074 82.2638805 84.2757334 84.1488102 78.413485 80.6652977 81.5711752 86.5072271 79.4075288 88.3921569 70.1100171 82.9425454 72.128946 81.1816242 78.5842992 85.3054717 74.8548559 78.8074244 76.9900334 76.942787 83.3433725 81.0012481\\"></polygon><polygon id=\\"Path\\" fill=\\"#F05437\\" points=\\"86.3331563 62.803079 87.3720064 60.5294118 97.0015306 64.6759173 95.9626804 66.9472809 88.1665608 68.1336422 94.2265199 70.7482443 93.1876698 73.0196078 83.5557738 68.8731023 84.5969958 66.6017387 92.3931154 65.4153774\\"></polygon><polygon id=\\"Path\\" fill=\\"#F05437\\" points=\\"88.855706 49 90.715353 49.1484216 90.4175367 52.6928169 92.5772735 52.8656062 92.8387153 49.7421078 94.6983624 49.8927446 94.4346472 53.0118125 96.7671629 53.2001085 97.0627059 49.6557131 98.9223529 49.8041347 98.4244768 55.7254902 88.3578298 54.9213555\\"></polygon><path d=\\"M87.6081667,40.6137259 C87.2300276,38.9894736 87.3607514,37.5380644 88.0003384,36.2594984 C88.6654479,35.0215432 89.7742221,34.1269792 91.0705393,33.7824465 C92.3668565,33.4379138 93.7385922,33.6732127 94.8688816,34.4339903 C95.9959136,35.2437488 96.7492377,36.4599649 97.1288539,38.0826388 L97.9619417,41.6649913 L88.4346076,44.1960784 L87.6081667,40.6137259 Z M95.626637,39.6524337 L95.3696206,38.5561818 C95.1480547,37.6090958 94.7049229,36.9366648 94.0402251,36.5388887 C93.3755274,36.1411127 92.5845371,36.0621888 91.6672542,36.3021173 C90.7529255,36.5436242 90.0882278,37.0076963 89.673161,37.6943336 C89.2580942,38.3809709 89.1598666,39.1970432 89.3784783,40.1425507 L89.6354948,41.2459058 L95.626637,39.6524337 Z\\" id=\\"Shape\\" fill=\\"#F05437\\"></path><polygon id=\\"Path\\" fill=\\"#FBD1D0\\" points=\\"64.2552705 34.2436884 64.2552705 34.8599258 71.3803443 34.8599258 63.2725017 64.1008585 55.7533933 64.1008585 49.9842623 43.0810933 44.2614883 64.1008585 36.7400621 64.1008585 28.5093734 34.8599258 35.108295 34.8599258 40.8403404 58.7577999 46.7137746 34.8599258 54.1169905 34.8599258 59.8142681 58.6200802 64.8532761 34.369737 64.2552705 34.2436884 64.2552705 34.8599258 64.2552705 34.2436884 63.6549471 34.1176398 59.7285077 53.0179218 55.0788987 33.627451 45.7565022 33.627451 40.8542475 53.5734691 36.0702031 33.627451 26.8915134 33.627451 35.8152395 65.3333333 45.1932644 65.3333333 49.988898 47.7192136 54.8216172 65.3333333 64.1996421 65.3333333 72.9912507 33.627451 63.7569326 33.627451 63.6549471 34.1176398\\"></polygon></g></g></g></svg></a></div><div class=\\"MuiGrid-root MuiGrid-item MuiGrid-grid-xs-6 MuiGrid-grid-md-10\\" align=\\"right\\"><div class=\\"PrivateHiddenCss-mdUp-15\\"><button class=\\"MuiButtonBase-root MuiIconButton-root makeStyles-menuButton-3 MuiIconButton-colorInherit MuiIconButton-edgeStart\\" tabindex=\\"0\\" type=\\"button\\" aria-label=\\"menu\\" data-cy=\\"auth-menu-button\\" aria-haspopup=\\"true\\"><span class=\\"MuiIconButton-label\\"><svg class=\\"MuiSvgIcon-root MuiSvgIcon-colorPrimary\\" focusable=\\"false\\" viewBox=\\"0 0 24 24\\" aria-hidden=\\"true\\"><path d=\\"M3 18h18v-2H3v2zm0-5h18v-2H3v2zm0-7v2h18V6H3z\\"></path></svg></span><span class=\\"MuiTouchRipple-root\\"></span></button></div><div class=\\"PrivateHiddenCss-smDown-13\\"><div class=\\"MuiBox-root MuiBox-root-23 makeStyles-mainMenu-2\\"><li class=\\"MuiButtonBase-root MuiListItem-root MuiMenuItem-root MuiMenuItem-gutters MuiListItem-gutters MuiListItem-button\\" tabindex=\\"-1\\" role=\\"menuitem\\" aria-disabled=\\"false\\"><button class=\\"MuiButtonBase-root MuiButton-root MuiButton-text MuiButton-colorInherit\\" tabindex=\\"0\\" type=\\"button\\" aria-label=\\"menu\\" aria-haspopup=\\"true\\"><span class=\\"MuiButton-label makeStyles-label-24\\">Directory<svg class=\\"MuiSvgIcon-root MuiSvgIcon-colorPrimary\\" focusable=\\"false\\" viewBox=\\"0 0 24 24\\" aria-hidden=\\"true\\"><path d=\\"M7 10l5 5 5-5z\\"></path></svg></span><span class=\\"MuiTouchRipple-root\\"></span></button><span class=\\"MuiTouchRipple-root\\"></span></li><li class=\\"MuiButtonBase-root MuiListItem-root MuiMenuItem-root MuiMenuItem-gutters MuiListItem-gutters MuiListItem-button\\" tabindex=\\"-1\\" role=\\"menuitem\\" aria-disabled=\\"false\\"><button class=\\"MuiButtonBase-root MuiButton-root MuiButton-text makeStyles-menuButton-3 MuiButton-colorInherit\\" tabindex=\\"0\\" type=\\"button\\" aria-label=\\"menu\\" aria-haspopup=\\"true\\"><span class=\\"MuiButton-label makeStyles-label-24\\">Sisterhood<svg class=\\"MuiSvgIcon-root MuiSvgIcon-colorPrimary\\" focusable=\\"false\\" viewBox=\\"0 0 24 24\\" aria-hidden=\\"true\\"><path d=\\"M7 10l5 5 5-5z\\"></path></svg></span><span class=\\"MuiTouchRipple-root\\"></span></button><span class=\\"MuiTouchRipple-root\\"></span></li><li class=\\"MuiButtonBase-root MuiListItem-root MuiMenuItem-root MuiMenuItem-gutters MuiListItem-gutters MuiListItem-button\\" tabindex=\\"-1\\" role=\\"menuitem\\" aria-disabled=\\"false\\"><button class=\\"MuiButtonBase-root MuiButton-root MuiButton-text makeStyles-menuButton-3 MuiButton-colorInherit\\" tabindex=\\"0\\" type=\\"button\\" aria-label=\\"menu\\" aria-haspopup=\\"true\\"><span class=\\"MuiButton-label makeStyles-label-24\\">Blog<svg class=\\"MuiSvgIcon-root MuiSvgIcon-colorPrimary\\" focusable=\\"false\\" viewBox=\\"0 0 24 24\\" aria-hidden=\\"true\\"><path d=\\"M7 10l5 5 5-5z\\"></path></svg></span><span class=\\"MuiTouchRipple-root\\"></span></button><span class=\\"MuiTouchRipple-root\\"></span></li><li class=\\"MuiButtonBase-root MuiListItem-root MuiMenuItem-root MuiMenuItem-gutters MuiListItem-gutters MuiListItem-button\\" tabindex=\\"-1\\" role=\\"menuitem\\" aria-disabled=\\"false\\"><button class=\\"MuiButtonBase-root MuiButton-root MuiButton-text makeStyles-menuButton-3 MuiButton-colorInherit\\" tabindex=\\"0\\" type=\\"button\\" aria-label=\\"menu\\" aria-haspopup=\\"true\\"><span class=\\"MuiButton-label makeStyles-label-24\\">Events<svg class=\\"MuiSvgIcon-root MuiSvgIcon-colorPrimary\\" focusable=\\"false\\" viewBox=\\"0 0 24 24\\" aria-hidden=\\"true\\"><path d=\\"M7 10l5 5 5-5z\\"></path></svg></span><span class=\\"MuiTouchRipple-root\\"></span></button><span class=\\"MuiTouchRipple-root\\"></span></li><li class=\\"MuiButtonBase-root MuiListItem-root MuiMenuItem-root MuiMenuItem-gutters MuiListItem-gutters MuiListItem-button\\" tabindex=\\"-1\\" role=\\"menuitem\\" aria-disabled=\\"false\\"><button class=\\"MuiButtonBase-root MuiButton-root MuiButton-text makeStyles-menuButton-3 MuiButton-colorInherit\\" tabindex=\\"0\\" type=\\"button\\" aria-label=\\"menu\\" aria-haspopup=\\"true\\"><span class=\\"MuiButton-label makeStyles-label-24\\">About<svg class=\\"MuiSvgIcon-root MuiSvgIcon-colorPrimary\\" focusable=\\"false\\" viewBox=\\"0 0 24 24\\" aria-hidden=\\"true\\"><path d=\\"M7 10l5 5 5-5z\\"></path></svg></span><span class=\\"MuiTouchRipple-root\\"></span></button><span class=\\"MuiTouchRipple-root\\"></span></li><li class=\\"MuiButtonBase-root MuiListItem-root MuiMenuItem-root MuiMenuItem-gutters MuiListItem-gutters MuiListItem-button\\" tabindex=\\"-1\\" role=\\"menuitem\\" aria-disabled=\\"false\\"><a class=\\"MuiTypography-root MuiLink-root MuiLink-underlineHover makeStyles-menuButton-3 MuiTypography-colorPrimary\\" target=\\"_blank\\" href=\\"https://www.wearewomenowned.com/press/\\">Press</a><span class=\\"MuiTouchRipple-root\\"></span></li><li class=\\"MuiButtonBase-root MuiListItem-root MuiMenuItem-root MuiMenuItem-gutters MuiListItem-gutters MuiListItem-button\\" tabindex=\\"-1\\" role=\\"menuitem\\" aria-disabled=\\"false\\"><a class=\\"MuiTypography-root MuiLink-root MuiLink-underlineHover makeStyles-menuButton-3 MuiTypography-colorPrimary\\" href=\\"/sign-up\\">Sign Up</a><span class=\\"MuiTouchRipple-root\\"></span></li></div></div></div></div></div></div></header><div class=\\"MuiBox-root MuiBox-root-25\\"></div>"`;
